 
 nat   =                     1
 npebf =                     8
 nebf  =                     8
 npbf  =                     6
 ngtg1 =                     1
 ngee  =                  4096
 ng1   =                  2304
 ng2   =                147456
 ng3   =               9437184
 ng4   =             603979776
 ng1prm=                  2304
 ng2prm=                147456
 ng3prm=               9437184
 
 PMASS   =   1.00000000000000     
 nelec   =                     4
 NAE     =                     2
 NBE     =                     2
 NUCST   =                     1
 LNEOHF  = T
 LXCUHF  = F
 LXCROHF = F
 read_CE = F
 read_CP = F
 READ_GAM2= F
 READ_GAM3= F
 READ_GAM4= F
 NG4CHK  =                    10
 LGAM4   = T
 LG4DSCF = F
 LG4IC   = T
 NG3CHK  =                    10
 LG3DSCF = F
 LG3IC1  = T
 LG3IC2  = F
 NG2CHK  =                     1
 LG2DSCF = F
 LG2IC1  = T
 LCMF    = F
 LSOSCF  = T
 
  CHECK CONTRACTED ELECTRONIC BASIS FUNCTIONS 
 CONT INDEX    KPESTR     KPEEND

   1     1    1

   2     2    2

   3     3    3

   4     4    4

   5     5    5

   6     6    6

   7     7    7

   8     8    8
 
 ELECTRONIC BASIS FUNCTIONS:
 
 PRIM  CONT    ANG       EXPONENT CONTRACT  -X- -Y- -Z-
 INDEX INDEX   MOM                  COEF

   1     1    0  0  0    0.026631  1.000000  0.000000  0.000000  0.000000

   2     2    0  0  0    0.099651  1.000000  0.000000  0.000000  0.000000

   3     3    0  0  0    0.372887  1.000000  0.000000  0.000000  0.000000

   4     4    0  0  0    1.395309  1.000000  0.000000  0.000000  0.000000

   5     5    0  0  0    5.221120  1.000000  0.000000  0.000000  0.000000

   6     6    0  0  0   19.536960  1.000000  0.000000  0.000000  0.000000

   7     7    0  0  0   73.105547  1.000000  0.000000  0.000000  0.000000

   8     8    0  0  0  273.554377  1.000000  0.000000  0.000000  0.000000
 ELECTRONIC BASIS FUNCTIONS:
 CONTRACT COEFF HAVE BEEN NORMALIZED
 
 PRIM  CONT    ANG       EXPONENT CONTRACT  -X- -Y- -Z-
 INDEX INDEX   MOM                  COEF

   1     1    0  0  0    0.026631  0.046984  0.000000  0.000000  0.000000

   2     2    0  0  0    0.099651  0.126407  0.000000  0.000000  0.000000

   3     3    0  0  0    0.372887  0.340089  0.000000  0.000000  0.000000

   4     4    0  0  0    1.395309  0.914983  0.000000  0.000000  0.000000

   5     5    0  0  0    5.221120  2.461687  0.000000  0.000000  0.000000

   6     6    0  0  0   19.536960  6.622971  0.000000  0.000000  0.000000

   7     7    0  0  0   73.105547 17.818570  0.000000  0.000000  0.000000

   8     8    0  0  0  273.554377 47.939427  0.000000  0.000000  0.000000
 
 NUCLEAR BASIS FUNCTIONS:
 
 PRIM  CONT    ANG       EXPONENT CONTRACT  -X- -Y- -Z-
 INDEX INDEX   MOM                  COEF

   1     1    0  0  0    0.012247  1.000000  0.000000  0.000000  0.000000

   2     2    0  0  0    0.028902  1.000000  0.000000  0.000000  0.000000

   3     3    0  0  0    0.068202  1.000000  0.000000  0.000000  0.000000

   4     4    0  0  0    0.160944  1.000000  0.000000  0.000000  0.000000

   5     5    0  0  0    0.379798  1.000000  0.000000  0.000000  0.000000

   6     6    0  0  0    0.896251  1.000000  0.000000  0.000000  0.000000
 
 NUCLEAR BASIS FUNCTIONS:
 CONTRACT COEFF HAVE BEEN NORMALIZED
 
 PRIM  CONT    ANG       EXPONENT CONTRACT  -X- -Y- -Z-
 INDEX INDEX   MOM                  COEF

   1     1    0  0  0    0.012247  0.026239  0.000000  0.000000  0.000000

   2     2    0  0  0    0.028902  0.049958  0.000000  0.000000  0.000000

   3     3    0  0  0    0.068202  0.095117  0.000000  0.000000  0.000000

   4     4    0  0  0    0.160944  0.181099  0.000000  0.000000  0.000000

   5     5    0  0  0    0.379798  0.344806  0.000000  0.000000  0.000000

   6     6    0  0  0    0.896251  0.656496  0.000000  0.000000  0.000000
 
 CONTRACTED ELECTRONIC OVERLAP MATRIX
 

             1           2           3           4           5

    1    1.0000000
    2    0.7369449   1.0000000
    3    0.3523433   0.7369449   1.0000000
    4    0.1411785   0.3523433   0.7369449   1.0000000
    5    0.0535736   0.1411785   0.3523433   0.7369449   1.0000000
    6    0.0200243   0.0535736   0.1411785   0.3523433   0.7369449
    7    0.0074540   0.0200243   0.0535736   0.1411785   0.3523433
    8    0.0027717   0.0074540   0.0200243   0.0535736   0.1411785

             6           7           8

    6    1.0000000
    7    0.7369449   1.0000000
    8    0.3523433   0.7369449   1.0000000
 
 NUCLEAR OVERLAP MATRIX
 

             1           2           3           4           5

    1    1.0000000
    2    0.8744414   1.0000000
    3    0.6090334   0.8744414   1.0000000
    4    0.3671085   0.6090334   0.8744414   1.0000000
    5    0.2052288   0.3671085   0.6090334   0.8744414   1.0000000
    6    0.1107680   0.2052288   0.3671085   0.6090334   0.8744414

             6

    6    1.0000000
 
 **************************************
  CALCULATING ELEC+NUC CORE INTEGRALS  
 **************************************
 
 all done in calc_GAM_epcore
 
 **************************************
     Computing GAM_ep Integrals    
 **************************************
 
 got here
 all done in calc_GAM_ep
 
 **************************************
     Computing GAM_ee Integrals    
 
 nebf =                     8
 npebf=                     8
 ngee =                  4096
 **************************************
 
 all done in calc_GAM_ee
 READ IN NUC REPULSION
 
 READ IN NUC OVLAP
 READ IN ELEC OVLAP
 READ IN GAM_ECORE
 READ IN GAM_PCORE
 READ IN GAM_EP
 READ IN GAM_EE
 
 ABOUT TO CALL guess_elec
 BACK FROM guess_elec
 ABOUT TO CALL guess_prot
 BACK FROM guess_prot
 

       ** BEGIN NEOXC SELF-CONSISTENT-FIELD CALCULATION **

           INITIAL GUESS ENERGETICS:            

      -----------------------------------------------
               NEOXCHF ENERGETIC COMPONENTS          
      -----------------------------------------------
                E_NUC=         0.0000000000
              E_ECORE=       -11.2329146095
              E_PCORE=         0.3007014603
                 E_EP=        -0.3567270169
                 E_EE=         4.7040182201
               E_GAM1=         0.0000000000
               E_GAM2=         0.0000000000
               E_GAM3=         0.0000000000
               E_GAM4=         0.0000000000
              S_TOTAL=         1.0000000000
              E_TOTAL=        -6.5849219460


 ITER     TOTAL ENERGY        E CHANGE     E DENSITY CHANGE   P DENSITY CHANGE    ORB GRAD
   1       -6.7219930582    -6.7219930582     0.7772174355     0.3195327331     0.0000000000
          ---------------START SECOND ORDER SCF---------------
   2       -7.5050598922    -0.7830668340     0.7349591918     0.3169388066     0.0643781983
   3       -7.5258116967    -0.0207518046     0.0799824868     0.2685299662     0.0049110111
   4       -7.5259706543    -0.0001589575     0.0032096153     0.0307757395     0.0017665844
   5       -7.5259751572    -0.0000045030     0.0005200605     0.0005386248     0.0001141370
   6       -7.5259752028    -0.0000000456     0.0000439130     0.0002425500     0.0000041618
   7       -7.5259752029    -0.0000000001     0.0000002232     0.0000179830     0.0000003309

 FINAL NEOXCHF ENERGY IS       -7.5259752029 AFTER   7 ITERATIONS

      -----------------------------------------------
               NEOXCHF ENERGETIC COMPONENTS          
      -----------------------------------------------
                E_NUC=         0.0000000000
              E_ECORE=       -10.3632786976
              E_PCORE=         0.5541827073
                 E_EP=        -0.6651869248
                 E_EE=         2.9483077122
               E_GAM1=         0.0000000000
               E_GAM2=         0.0000000000
               E_GAM3=         0.0000000000
               E_GAM4=         0.0000000000
              S_TOTAL=         1.0000000000
              E_TOTAL=        -7.5259752029


        ELECTRONIC ORBITALS AND EIGENVALUES:         

                        1          2          3          4          5

                     -1.8172    -0.0358     0.1467     1.3790     7.7429

    1  LABEL       -0.023270   0.845387   1.322577  -0.562867  -0.178299
    2  LABEL        0.015041   0.261940  -1.849380   1.653419   0.588028
    3  LABEL       -0.185988  -0.120187   0.394870  -2.395769  -1.349439
    4  LABEL       -0.566551  -0.117724   0.125372   1.154917   2.267722
    5  LABEL       -0.310332  -0.048668   0.078852   0.043258  -1.652558
    6  LABEL       -0.086518  -0.013217   0.014706   0.071393   0.067982
    7  LABEL       -0.017267  -0.002533   0.003981   0.002725  -0.060114
    8  LABEL       -0.004823  -0.000718   0.000852   0.003336   0.000136

                        6          7          8

                     35.5708   152.1737   637.4355

    1  LABEL        0.074981  -0.033725  -0.015482
    2  LABEL       -0.242134   0.107971   0.049457
    3  LABEL        0.558170  -0.245717  -0.111911
    4  LABEL       -1.178988   0.520730   0.234471
    5  LABEL        2.074502  -1.079841  -0.485563
    6  LABEL       -1.836725   1.940639   0.996431
    7  LABEL        0.170838  -1.851897  -1.782891
    8  LABEL       -0.049365   0.159528   1.670963

          NUCLEAR ORBITALS AND EIGENVALUES:          

                        1          2          3          4          5

                     -0.1110    -0.0411     0.1025     0.5257     1.5608

    1  LABEL        0.637263   2.445681   1.803528   0.952160  -0.541809
    2  LABEL        0.584451  -3.364242  -4.989998  -3.276257   1.941611
    3  LABEL       -0.215075   1.104554   5.545344   5.851347  -4.038188
    4  LABEL       -0.079952  -0.197242  -2.301943  -5.775945   5.962150
    5  LABEL        0.001368   0.092058   0.537670   2.095298  -5.222635
    6  LABEL       -0.008957  -0.007234  -0.126771  -0.248596   1.410191

                        6

                      5.2046

    1  LABEL       -0.299222
    2  LABEL        1.062106
    3  LABEL       -2.232927
    4  LABEL        3.646275
    5  LABEL       -4.497534
    6  LABEL        2.977118

          +--------------------------------------+
          |    TIMING SUMMARY FOR CALCULATION    |
          +--------------------------------------+
            TIME TO EVALUATE INTEGRALS:       0.0327
                          TIME FOR SCF:       0.0186

