 
 nat   =                     1
 npebf =                     8
 nebf  =                     8
 npbf  =                     6
 ngtg1 =                     3
 ngee  =                  4096
 ng1   =                  2304
 ng2   =                147456
 ng3   =               9437184
 ng4   =             603979776
 ng1prm=                  2304
 ng2prm=                147456
 ng3prm=               9437184
 
 PMASS   =   1.00000000000000     
 nelec   =                     5
 NAE     =                     3
 NBE     =                     2
 NUCST   =                     1
 LNEOHF  = T
 LXCUHF  = T
 LXCROHF = F
 read_CE = F
 read_CP = F
 READ_GAM2= F
 READ_GAM3= F
 READ_GAM4= F
 NG4CHK  =                    10
 LGAM4   = T
 LG4DSCF = F
 LG4IC   = T
 NG3CHK  =                    10
 LG3DSCF = F
 LG3IC1  = T
 LG3IC2  = F
 NG2CHK  =                     1
 LG2DSCF = F
 LG2IC1  = T
 LCMF    = F
 LSOSCF  = T
 
  CHECK CONTRACTED ELECTRONIC BASIS FUNCTIONS 
 CONT INDEX    KPESTR     KPEEND

   1     1    1

   2     2    2

   3     3    3

   4     4    4

   5     5    5

   6     6    6

   7     7    7

   8     8    8
 
 ELECTRONIC BASIS FUNCTIONS:
 
 PRIM  CONT    ANG       EXPONENT CONTRACT  -X- -Y- -Z-
 INDEX INDEX   MOM                  COEF

   1     1    0  0  0    0.026631  1.000000  0.000000  0.000000  0.000000

   2     2    0  0  0    0.099651  1.000000  0.000000  0.000000  0.000000

   3     3    0  0  0    0.372887  1.000000  0.000000  0.000000  0.000000

   4     4    0  0  0    1.395309  1.000000  0.000000  0.000000  0.000000

   5     5    0  0  0    5.221120  1.000000  0.000000  0.000000  0.000000

   6     6    0  0  0   19.536960  1.000000  0.000000  0.000000  0.000000

   7     7    0  0  0   73.105547  1.000000  0.000000  0.000000  0.000000

   8     8    0  0  0  273.554377  1.000000  0.000000  0.000000  0.000000
 ELECTRONIC BASIS FUNCTIONS:
 CONTRACT COEFF HAVE BEEN NORMALIZED
 
 PRIM  CONT    ANG       EXPONENT CONTRACT  -X- -Y- -Z-
 INDEX INDEX   MOM                  COEF

   1     1    0  0  0    0.026631  0.046984  0.000000  0.000000  0.000000

   2     2    0  0  0    0.099651  0.126407  0.000000  0.000000  0.000000

   3     3    0  0  0    0.372887  0.340089  0.000000  0.000000  0.000000

   4     4    0  0  0    1.395309  0.914983  0.000000  0.000000  0.000000

   5     5    0  0  0    5.221120  2.461687  0.000000  0.000000  0.000000

   6     6    0  0  0   19.536960  6.622971  0.000000  0.000000  0.000000

   7     7    0  0  0   73.105547 17.818570  0.000000  0.000000  0.000000

   8     8    0  0  0  273.554377 47.939427  0.000000  0.000000  0.000000
 
 NUCLEAR BASIS FUNCTIONS:
 
 PRIM  CONT    ANG       EXPONENT CONTRACT  -X- -Y- -Z-
 INDEX INDEX   MOM                  COEF

   1     1    0  0  0    0.012247  1.000000  0.000000  0.000000  0.000000

   2     2    0  0  0    0.028902  1.000000  0.000000  0.000000  0.000000

   3     3    0  0  0    0.068202  1.000000  0.000000  0.000000  0.000000

   4     4    0  0  0    0.160944  1.000000  0.000000  0.000000  0.000000

   5     5    0  0  0    0.379798  1.000000  0.000000  0.000000  0.000000

   6     6    0  0  0    0.896251  1.000000  0.000000  0.000000  0.000000
 
 NUCLEAR BASIS FUNCTIONS:
 CONTRACT COEFF HAVE BEEN NORMALIZED
 
 PRIM  CONT    ANG       EXPONENT CONTRACT  -X- -Y- -Z-
 INDEX INDEX   MOM                  COEF

   1     1    0  0  0    0.012247  0.026239  0.000000  0.000000  0.000000

   2     2    0  0  0    0.028902  0.049958  0.000000  0.000000  0.000000

   3     3    0  0  0    0.068202  0.095117  0.000000  0.000000  0.000000

   4     4    0  0  0    0.160944  0.181099  0.000000  0.000000  0.000000

   5     5    0  0  0    0.379798  0.344806  0.000000  0.000000  0.000000

   6     6    0  0  0    0.896251  0.656496  0.000000  0.000000  0.000000
 
 CONTRACTED ELECTRONIC OVERLAP MATRIX
 

             1           2           3           4           5

    1    1.0000000
    2    0.7369449   1.0000000
    3    0.3523433   0.7369449   1.0000000
    4    0.1411785   0.3523433   0.7369449   1.0000000
    5    0.0535736   0.1411785   0.3523433   0.7369449   1.0000000
    6    0.0200243   0.0535736   0.1411785   0.3523433   0.7369449
    7    0.0074540   0.0200243   0.0535736   0.1411785   0.3523433
    8    0.0027717   0.0074540   0.0200243   0.0535736   0.1411785

             6           7           8

    6    1.0000000
    7    0.7369449   1.0000000
    8    0.3523433   0.7369449   1.0000000
 
 NUCLEAR OVERLAP MATRIX
 

             1           2           3           4           5

    1    1.0000000
    2    0.8744414   1.0000000
    3    0.6090334   0.8744414   1.0000000
    4    0.3671085   0.6090334   0.8744414   1.0000000
    5    0.2052288   0.3671085   0.6090334   0.8744414   1.0000000
    6    0.1107680   0.2052288   0.3671085   0.6090334   0.8744414

             6

    6    1.0000000
 
 **************************************
  CALCULATING ELEC+NUC CORE INTEGRALS  
 **************************************
 
 all done in calc_GAM_epcore
 
 **************************************
     Computing GAM_ep Integrals    
 **************************************
 
 got here
 all done in calc_GAM_ep
 
 **************************************
     Computing GAM_ee Integrals    
 
 nebf =                     8
 npebf=                     8
 ngee =                  4096
 **************************************
 
 all done in calc_GAM_ee
 
 IN SCF: E_nuc=  6.953261901066234E-310
 
 
 READ IN NUC OVLAP
 READ IN ELEC OVLAP
 READ IN GAM_ECORE
 READ IN GAM_PCORE
 READ IN GAM_EP
 READ IN GAM_EE
 
 ABOUT TO CALL guess_A_elec
 BACK FROM guess_elec
 
 ABOUT TO CALL guess_prot
 BACK FROM guess_prot
 

       ** BEGIN NEOXC SELF-CONSISTENT-FIELD CALCULATION **
 
 IN: UHF_FOCK
 
 E_ecore=  -11.7123355334923     
 E_AE_ecore=  -6.09587822872388     
 E_BE_ecore=  -5.61645730476846     
 
 E_GAMee=   5.70767632829849     
 E_AE_GAMee=   3.09448641367873     
 E_BE_GAMee=   2.61318991461976     
 
 E_P_GAMep = -0.445668664056465     
 E_E_GAMep = -0.445668664056480     
 E_AE_GAMep= -0.267305155619247     
 E_BE_GAMep= -0.178363508437233     
 
 E_P_OMG1  =  0.000000000000000E+000
 E_E_OMG1  =  0.000000000000000E+000
 E_AE_OMG1 =  0.000000000000000E+000
 E_BE_OMG1 =  0.000000000000000E+000
 
 E_P_OMG2  =  0.000000000000000E+000
 E_E_OMG2  =  0.000000000000000E+000
 E_AE_OMG2 =  0.000000000000000E+000
 E_BE_OMG2 =  0.000000000000000E+000
 
 E_P_OMG3  =  0.000000000000000E+000
 E_E_OMG3  =  0.000000000000000E+000
 E_AE_OMG3 =  0.000000000000000E+000
 E_BE_OMG3 =  0.000000000000000E+000
 
 E_P_OMG4  =  0.000000000000000E+000
 E_E_OMG4  =  0.000000000000000E+000
 E_AE_OMG4 =  0.000000000000000E+000
 E_BE_OMG4 =  0.000000000000000E+000
 
 S_P_OMG1  =  0.000000000000000E+000
 S_E_OMG1  =  0.000000000000000E+000
 S_AE_OMG1 =  0.000000000000000E+000
 S_BE_OMG1 =  0.000000000000000E+000
 
 S_P_OMG2  =  0.000000000000000E+000
 S_E_OMG2  =  0.000000000000000E+000
 S_AE_OMG2 =  0.000000000000000E+000
 S_BE_OMG2 =  0.000000000000000E+000
 
 E_E_Total=  -6.14962640896519     
 

           INITIAL GUESS ENERGETICS:            

      -----------------------------------------------
               NEOXCHF ENERGETIC COMPONENTS          
      -----------------------------------------------
                E_NUC=         0.0000000000
              E_ECORE=       -11.7123355335
              E_PCORE=         0.3007014603
                 E_EP=        -0.4456686641
                 E_EE=         5.7076763283
               E_OMG1=         0.0000000000
               E_OMG2=         0.0000000000
               E_OMG3=         0.0000000000
               E_OMG4=         0.0000000000
              S_TOTAL=         1.0000000000
              E_TOTAL=        -6.1496264090


 ITER      TOTAL ENERGY        E CHANGE       ALPHA DENS       BETA DENS        QMP DENS         ORBGRAD_A        ORBGRAD_B
   1       -6.1496264090    -6.1496264090     3.5901002853     1.5553401833     0.6296170921     0.0000000000     0.0000000000
 
 IN: UHF_FOCK
 
 E_ecore=  -10.7913433726029     
 E_AE_ecore=  -5.80241295371603     
 E_BE_ecore=  -4.98893041888686     
 
 E_GAMee=   3.69161118101513     
 E_AE_GAMee=   2.10581959864087     
 E_BE_GAMee=   1.58579158237427     
 
 E_P_GAMep =  -1.34928916864683     
 E_E_GAMep =  -1.34928916864683     
 E_AE_GAMep= -0.806460931103901     
 E_BE_GAMep= -0.542828237542932     
 
 E_P_OMG1  =  0.000000000000000E+000
 E_E_OMG1  =  0.000000000000000E+000
 E_AE_OMG1 =  0.000000000000000E+000
 E_BE_OMG1 =  0.000000000000000E+000
 
 E_P_OMG2  =  0.000000000000000E+000
 E_E_OMG2  =  0.000000000000000E+000
 E_AE_OMG2 =  0.000000000000000E+000
 E_BE_OMG2 =  0.000000000000000E+000
 
 E_P_OMG3  =  0.000000000000000E+000
 E_E_OMG3  =  0.000000000000000E+000
 E_AE_OMG3 =  0.000000000000000E+000
 E_BE_OMG3 =  0.000000000000000E+000
 
 E_P_OMG4  =  0.000000000000000E+000
 E_E_OMG4  =  0.000000000000000E+000
 E_AE_OMG4 =  0.000000000000000E+000
 E_BE_OMG4 =  0.000000000000000E+000
 
 S_P_OMG1  =  0.000000000000000E+000
 S_E_OMG1  =  0.000000000000000E+000
 S_AE_OMG1 =  0.000000000000000E+000
 S_BE_OMG1 =  0.000000000000000E+000
 
 S_P_OMG2  =  0.000000000000000E+000
 S_E_OMG2  =  0.000000000000000E+000
 S_AE_OMG2 =  0.000000000000000E+000
 S_BE_OMG2 =  0.000000000000000E+000
 
 E_E_Total=  -7.28430313224905     
 
          ---------------START SECOND ORDER SCF---------------
   2       -7.2843031322    -1.1346767233     0.1465561388     0.6645201251     1.1102307107     0.0580818390     0.0582458115
 
 IN: UHF_FOCK
 
 E_ecore=  -10.9799502756041     
 E_AE_ecore=  -5.83489224089099     
 E_BE_ecore=  -5.14505803471312     
 
 E_GAMee=   3.89146983183043     
 E_AE_GAMee=   2.18476602063628     
 E_BE_GAMee=   1.70670381119415     
 
 E_P_GAMep = -0.955759558672911     
 E_E_GAMep = -0.955759558672909     
 E_AE_GAMep= -0.566038242714233     
 E_BE_GAMep= -0.389721315958676     
 
 E_P_OMG1  =  0.000000000000000E+000
 E_E_OMG1  =  0.000000000000000E+000
 E_AE_OMG1 =  0.000000000000000E+000
 E_BE_OMG1 =  0.000000000000000E+000
 
 E_P_OMG2  =  0.000000000000000E+000
 E_E_OMG2  =  0.000000000000000E+000
 E_AE_OMG2 =  0.000000000000000E+000
 E_BE_OMG2 =  0.000000000000000E+000
 
 E_P_OMG3  =  0.000000000000000E+000
 E_E_OMG3  =  0.000000000000000E+000
 E_AE_OMG3 =  0.000000000000000E+000
 E_BE_OMG3 =  0.000000000000000E+000
 
 E_P_OMG4  =  0.000000000000000E+000
 E_E_OMG4  =  0.000000000000000E+000
 E_AE_OMG4 =  0.000000000000000E+000
 E_BE_OMG4 =  0.000000000000000E+000
 
 S_P_OMG1  =  0.000000000000000E+000
 S_E_OMG1  =  0.000000000000000E+000
 S_AE_OMG1 =  0.000000000000000E+000
 S_BE_OMG1 =  0.000000000000000E+000
 
 S_P_OMG2  =  0.000000000000000E+000
 S_E_OMG2  =  0.000000000000000E+000
 S_AE_OMG2 =  0.000000000000000E+000
 S_BE_OMG2 =  0.000000000000000E+000
 
 E_E_Total=  -7.36148396820722     
 
   3       -7.3614839682    -0.0771808360     0.1065883200     0.1912820526     0.2254497791     0.0370151894     0.0258205844
 
 IN: UHF_FOCK
 
 E_ecore=  -10.9159483602498     
 E_AE_ecore=  -5.82247677643961     
 E_BE_ecore=  -5.09347158381023     
 
 E_GAMee=   3.81811311691265     
 E_AE_GAMee=   2.15490611644548     
 E_BE_GAMee=   1.66320700046717     
 
 E_P_GAMep =  -1.00515167254110     
 E_E_GAMep =  -1.00515167254110     
 E_AE_GAMep= -0.597284981455906     
 E_BE_GAMep= -0.407866691085196     
 
 E_P_OMG1  =  0.000000000000000E+000
 E_E_OMG1  =  0.000000000000000E+000
 E_AE_OMG1 =  0.000000000000000E+000
 E_BE_OMG1 =  0.000000000000000E+000
 
 E_P_OMG2  =  0.000000000000000E+000
 E_E_OMG2  =  0.000000000000000E+000
 E_AE_OMG2 =  0.000000000000000E+000
 E_BE_OMG2 =  0.000000000000000E+000
 
 E_P_OMG3  =  0.000000000000000E+000
 E_E_OMG3  =  0.000000000000000E+000
 E_AE_OMG3 =  0.000000000000000E+000
 E_BE_OMG3 =  0.000000000000000E+000
 
 E_P_OMG4  =  0.000000000000000E+000
 E_E_OMG4  =  0.000000000000000E+000
 E_AE_OMG4 =  0.000000000000000E+000
 E_BE_OMG4 =  0.000000000000000E+000
 
 S_P_OMG1  =  0.000000000000000E+000
 S_E_OMG1  =  0.000000000000000E+000
 S_AE_OMG1 =  0.000000000000000E+000
 S_BE_OMG1 =  0.000000000000000E+000
 
 S_P_OMG2  =  0.000000000000000E+000
 S_E_OMG2  =  0.000000000000000E+000
 S_AE_OMG2 =  0.000000000000000E+000
 S_BE_OMG2 =  0.000000000000000E+000
 
 E_E_Total=  -7.36620866913645     
 
   4       -7.3662086691    -0.0047247009     0.0492485561     0.0448016929     0.0777543488     0.0122895806     0.0060593628
 
 IN: UHF_FOCK
 
 E_ecore=  -10.8955677268506     
 E_AE_ecore=  -5.81500919328722     
 E_BE_ecore=  -5.08055853356333     
 
 E_GAMee=   3.79597598783187     
 E_AE_GAMee=   2.14482664846677     
 E_BE_GAMee=   1.65114933936511     
 
 E_P_GAMep = -0.983715932300327     
 E_E_GAMep = -0.983715932300323     
 E_AE_GAMep= -0.585366419066839     
 E_BE_GAMep= -0.398349513233484     
 
 E_P_OMG1  =  0.000000000000000E+000
 E_E_OMG1  =  0.000000000000000E+000
 E_AE_OMG1 =  0.000000000000000E+000
 E_BE_OMG1 =  0.000000000000000E+000
 
 E_P_OMG2  =  0.000000000000000E+000
 E_E_OMG2  =  0.000000000000000E+000
 E_AE_OMG2 =  0.000000000000000E+000
 E_BE_OMG2 =  0.000000000000000E+000
 
 E_P_OMG3  =  0.000000000000000E+000
 E_E_OMG3  =  0.000000000000000E+000
 E_AE_OMG3 =  0.000000000000000E+000
 E_BE_OMG3 =  0.000000000000000E+000
 
 E_P_OMG4  =  0.000000000000000E+000
 E_E_OMG4  =  0.000000000000000E+000
 E_AE_OMG4 =  0.000000000000000E+000
 E_BE_OMG4 =  0.000000000000000E+000
 
 S_P_OMG1  =  0.000000000000000E+000
 S_E_OMG1  =  0.000000000000000E+000
 S_AE_OMG1 =  0.000000000000000E+000
 S_BE_OMG1 =  0.000000000000000E+000
 
 S_P_OMG2  =  0.000000000000000E+000
 S_E_OMG2  =  0.000000000000000E+000
 S_AE_OMG2 =  0.000000000000000E+000
 S_BE_OMG2 =  0.000000000000000E+000
 
 E_E_Total=  -7.36675221202931     
 
   5       -7.3667522120    -0.0005435429     0.0231542509     0.0505804496     0.0195532057     0.0037006138     0.0025940393
 
 IN: UHF_FOCK
 
 E_ecore=  -10.8818556508735     
 E_AE_ecore=  -5.81239587794912     
 E_BE_ecore=  -5.06945977292439     
 
 E_GAMee=   3.78089471937968     
 E_AE_GAMee=   2.13883263019637     
 E_BE_GAMee=   1.64206208918331     
 
 E_P_GAMep = -0.977330873398575     
 E_E_GAMep = -0.977330873398578     
 E_AE_GAMep= -0.582292148870947     
 E_BE_GAMep= -0.395038724527631     
 
 E_P_OMG1  =  0.000000000000000E+000
 E_E_OMG1  =  0.000000000000000E+000
 E_AE_OMG1 =  0.000000000000000E+000
 E_BE_OMG1 =  0.000000000000000E+000
 
 E_P_OMG2  =  0.000000000000000E+000
 E_E_OMG2  =  0.000000000000000E+000
 E_AE_OMG2 =  0.000000000000000E+000
 E_BE_OMG2 =  0.000000000000000E+000
 
 E_P_OMG3  =  0.000000000000000E+000
 E_E_OMG3  =  0.000000000000000E+000
 E_AE_OMG3 =  0.000000000000000E+000
 E_BE_OMG3 =  0.000000000000000E+000
 
 E_P_OMG4  =  0.000000000000000E+000
 E_E_OMG4  =  0.000000000000000E+000
 E_AE_OMG4 =  0.000000000000000E+000
 E_BE_OMG4 =  0.000000000000000E+000
 
 S_P_OMG1  =  0.000000000000000E+000
 S_E_OMG1  =  0.000000000000000E+000
 S_AE_OMG1 =  0.000000000000000E+000
 S_BE_OMG1 =  0.000000000000000E+000
 
 S_P_OMG2  =  0.000000000000000E+000
 S_E_OMG2  =  0.000000000000000E+000
 S_AE_OMG2 =  0.000000000000000E+000
 S_BE_OMG2 =  0.000000000000000E+000
 
 E_E_Total=  -7.36681849989590     
 
   6       -7.3668184999    -0.0000662879     0.0036403419     0.0124747359     0.0190885631     0.0006885101     0.0012671024
 
 IN: UHF_FOCK
 
 E_ecore=  -10.8852240413119     
 E_AE_ecore=  -5.81276452190669     
 E_BE_ecore=  -5.07245951940522     
 
 E_GAMee=   3.78457852712102     
 E_AE_GAMee=   2.14019211188515     
 E_BE_GAMee=   1.64438641523587     
 
 E_P_GAMep = -0.973061892556632     
 E_E_GAMep = -0.973061892556632     
 E_AE_GAMep= -0.579615990401230     
 E_BE_GAMep= -0.393445902155402     
 
 E_P_OMG1  =  0.000000000000000E+000
 E_E_OMG1  =  0.000000000000000E+000
 E_AE_OMG1 =  0.000000000000000E+000
 E_BE_OMG1 =  0.000000000000000E+000
 
 E_P_OMG2  =  0.000000000000000E+000
 E_E_OMG2  =  0.000000000000000E+000
 E_AE_OMG2 =  0.000000000000000E+000
 E_BE_OMG2 =  0.000000000000000E+000
 
 E_P_OMG3  =  0.000000000000000E+000
 E_E_OMG3  =  0.000000000000000E+000
 E_AE_OMG3 =  0.000000000000000E+000
 E_BE_OMG3 =  0.000000000000000E+000
 
 E_P_OMG4  =  0.000000000000000E+000
 E_E_OMG4  =  0.000000000000000E+000
 E_AE_OMG4 =  0.000000000000000E+000
 E_BE_OMG4 =  0.000000000000000E+000
 
 S_P_OMG1  =  0.000000000000000E+000
 S_E_OMG1  =  0.000000000000000E+000
 S_AE_OMG1 =  0.000000000000000E+000
 S_BE_OMG1 =  0.000000000000000E+000
 
 S_P_OMG2  =  0.000000000000000E+000
 S_E_OMG2  =  0.000000000000000E+000
 S_AE_OMG2 =  0.000000000000000E+000
 S_BE_OMG2 =  0.000000000000000E+000
 
 E_E_Total=  -7.36682896744409     
 
   7       -7.3668289674    -0.0000104675     0.0012642063     0.0047441120     0.0047119609     0.0003727211     0.0004858581
 
 IN: UHF_FOCK
 
 E_ecore=  -10.8841322882800     
 E_AE_ecore=  -5.81260904169516     
 E_BE_ecore=  -5.07152324658485     
 
 E_GAMee=   3.78337158393753     
 E_AE_GAMee=   2.13973821788659     
 E_BE_GAMee=   1.64363336605094     
 
 E_P_GAMep = -0.974075139674231     
 E_E_GAMep = -0.974075139674233     
 E_AE_GAMep= -0.580271698828087     
 E_BE_GAMep= -0.393803440846146     
 
 E_P_OMG1  =  0.000000000000000E+000
 E_E_OMG1  =  0.000000000000000E+000
 E_AE_OMG1 =  0.000000000000000E+000
 E_BE_OMG1 =  0.000000000000000E+000
 
 E_P_OMG2  =  0.000000000000000E+000
 E_E_OMG2  =  0.000000000000000E+000
 E_AE_OMG2 =  0.000000000000000E+000
 E_BE_OMG2 =  0.000000000000000E+000
 
 E_P_OMG3  =  0.000000000000000E+000
 E_E_OMG3  =  0.000000000000000E+000
 E_AE_OMG3 =  0.000000000000000E+000
 E_BE_OMG3 =  0.000000000000000E+000
 
 E_P_OMG4  =  0.000000000000000E+000
 E_E_OMG4  =  0.000000000000000E+000
 E_AE_OMG4 =  0.000000000000000E+000
 E_BE_OMG4 =  0.000000000000000E+000
 
 S_P_OMG1  =  0.000000000000000E+000
 S_E_OMG1  =  0.000000000000000E+000
 S_AE_OMG1 =  0.000000000000000E+000
 S_BE_OMG1 =  0.000000000000000E+000
 
 S_P_OMG2  =  0.000000000000000E+000
 S_E_OMG2  =  0.000000000000000E+000
 S_AE_OMG2 =  0.000000000000000E+000
 S_BE_OMG2 =  0.000000000000000E+000
 
 E_E_Total=  -7.36683044235582     
 
   8       -7.3668304424    -0.0000014749     0.0001478247     0.0005914201     0.0016793326     0.0000403882     0.0000831369
 
 IN: UHF_FOCK
 
 E_ecore=  -10.8840336706603     
 E_AE_ecore=  -5.81258547813479     
 E_BE_ecore=  -5.07144819252550     
 
 E_GAMee=   3.78325941168034     
 E_AE_GAMee=   2.13969711353584     
 E_BE_GAMee=   1.64356229814450     
 
 E_P_GAMep = -0.973668221243000     
 E_E_GAMep = -0.973668221243001     
 E_AE_GAMep= -0.580040090331957     
 E_BE_GAMep= -0.393628130911044     
 
 E_P_OMG1  =  0.000000000000000E+000
 E_E_OMG1  =  0.000000000000000E+000
 E_AE_OMG1 =  0.000000000000000E+000
 E_BE_OMG1 =  0.000000000000000E+000
 
 E_P_OMG2  =  0.000000000000000E+000
 E_E_OMG2  =  0.000000000000000E+000
 E_AE_OMG2 =  0.000000000000000E+000
 E_BE_OMG2 =  0.000000000000000E+000
 
 E_P_OMG3  =  0.000000000000000E+000
 E_E_OMG3  =  0.000000000000000E+000
 E_AE_OMG3 =  0.000000000000000E+000
 E_BE_OMG3 =  0.000000000000000E+000
 
 E_P_OMG4  =  0.000000000000000E+000
 E_E_OMG4  =  0.000000000000000E+000
 E_AE_OMG4 =  0.000000000000000E+000
 E_BE_OMG4 =  0.000000000000000E+000
 
 S_P_OMG1  =  0.000000000000000E+000
 S_E_OMG1  =  0.000000000000000E+000
 S_AE_OMG1 =  0.000000000000000E+000
 S_BE_OMG1 =  0.000000000000000E+000
 
 S_P_OMG2  =  0.000000000000000E+000
 S_E_OMG2  =  0.000000000000000E+000
 S_AE_OMG2 =  0.000000000000000E+000
 S_BE_OMG2 =  0.000000000000000E+000
 
 E_E_Total=  -7.36683054615186     
 
   9       -7.3668305462    -0.0000001038     0.0004112711     0.0013711484     0.0001977300     0.0000298694     0.0000427282
 
 IN: UHF_FOCK
 
 E_ecore=  -10.8837310787543     
 E_AE_ecore=  -5.81252440201558     
 E_BE_ecore=  -5.07120667673870     
 
 E_GAMee=   3.78292406628947     
 E_AE_GAMee=   2.13956893390420     
 E_BE_GAMee=   1.64335513238527     
 
 E_P_GAMep = -0.973590135296044     
 E_E_GAMep = -0.973590135296040     
 E_AE_GAMep= -0.580011592650930     
 E_BE_GAMep= -0.393578542645110     
 
 E_P_OMG1  =  0.000000000000000E+000
 E_E_OMG1  =  0.000000000000000E+000
 E_AE_OMG1 =  0.000000000000000E+000
 E_BE_OMG1 =  0.000000000000000E+000
 
 E_P_OMG2  =  0.000000000000000E+000
 E_E_OMG2  =  0.000000000000000E+000
 E_AE_OMG2 =  0.000000000000000E+000
 E_BE_OMG2 =  0.000000000000000E+000
 
 E_P_OMG3  =  0.000000000000000E+000
 E_E_OMG3  =  0.000000000000000E+000
 E_AE_OMG3 =  0.000000000000000E+000
 E_BE_OMG3 =  0.000000000000000E+000
 
 E_P_OMG4  =  0.000000000000000E+000
 E_E_OMG4  =  0.000000000000000E+000
 E_AE_OMG4 =  0.000000000000000E+000
 E_BE_OMG4 =  0.000000000000000E+000
 
 S_P_OMG1  =  0.000000000000000E+000
 S_E_OMG1  =  0.000000000000000E+000
 S_AE_OMG1 =  0.000000000000000E+000
 S_BE_OMG1 =  0.000000000000000E+000
 
 S_P_OMG2  =  0.000000000000000E+000
 S_E_OMG2  =  0.000000000000000E+000
 S_AE_OMG2 =  0.000000000000000E+000
 S_BE_OMG2 =  0.000000000000000E+000
 
 E_E_Total=  -7.36683053873663     
 
  10       -7.3668305387     0.0000000074     0.0002647038     0.0007774420     0.0004815898     0.0000540957     0.0000588742
 
 IN: UHF_FOCK
 
 E_ecore=  -10.8839003194452     
 E_AE_ecore=  -5.81256374867222     
 E_BE_ecore=  -5.07133657077299     
 
 E_GAMee=   3.78311187498030     
 E_AE_GAMee=   2.13964203423224     
 E_BE_GAMee=   1.64346984074805     
 
 E_P_GAMep = -0.973496350333817     
 E_E_GAMep = -0.973496350333817     
 E_AE_GAMep= -0.579946824325093     
 E_BE_GAMep= -0.393549526008724     
 
 E_P_OMG1  =  0.000000000000000E+000
 E_E_OMG1  =  0.000000000000000E+000
 E_AE_OMG1 =  0.000000000000000E+000
 E_BE_OMG1 =  0.000000000000000E+000
 
 E_P_OMG2  =  0.000000000000000E+000
 E_E_OMG2  =  0.000000000000000E+000
 E_AE_OMG2 =  0.000000000000000E+000
 E_BE_OMG2 =  0.000000000000000E+000
 
 E_P_OMG3  =  0.000000000000000E+000
 E_E_OMG3  =  0.000000000000000E+000
 E_AE_OMG3 =  0.000000000000000E+000
 E_BE_OMG3 =  0.000000000000000E+000
 
 E_P_OMG4  =  0.000000000000000E+000
 E_E_OMG4  =  0.000000000000000E+000
 E_AE_OMG4 =  0.000000000000000E+000
 E_BE_OMG4 =  0.000000000000000E+000
 
 S_P_OMG1  =  0.000000000000000E+000
 S_E_OMG1  =  0.000000000000000E+000
 S_AE_OMG1 =  0.000000000000000E+000
 S_BE_OMG1 =  0.000000000000000E+000
 
 S_P_OMG2  =  0.000000000000000E+000
 S_E_OMG2  =  0.000000000000000E+000
 S_AE_OMG2 =  0.000000000000000E+000
 S_BE_OMG2 =  0.000000000000000E+000
 
 E_E_Total=  -7.36683055888240     
 
  11       -7.3668305589    -0.0000000201     0.0000226383     0.0001332176     0.0002729005     0.0000049569     0.0000133861
 
 IN: UHF_FOCK
 
 E_ecore=  -10.8838685241377     
 E_AE_ecore=  -5.81256126467825     
 E_BE_ecore=  -5.07130725945949     
 
 E_GAMee=   3.78307687384465     
 E_AE_GAMee=   2.13962942987604     
 E_BE_GAMee=   1.64344744396861     
 
 E_P_GAMep = -0.973556776555917     
 E_E_GAMep = -0.973556776555912     
 E_AE_GAMep= -0.579984076431891     
 E_BE_GAMep= -0.393572700124021     
 
 E_P_OMG1  =  0.000000000000000E+000
 E_E_OMG1  =  0.000000000000000E+000
 E_AE_OMG1 =  0.000000000000000E+000
 E_BE_OMG1 =  0.000000000000000E+000
 
 E_P_OMG2  =  0.000000000000000E+000
 E_E_OMG2  =  0.000000000000000E+000
 E_AE_OMG2 =  0.000000000000000E+000
 E_BE_OMG2 =  0.000000000000000E+000
 
 E_P_OMG3  =  0.000000000000000E+000
 E_E_OMG3  =  0.000000000000000E+000
 E_AE_OMG3 =  0.000000000000000E+000
 E_BE_OMG3 =  0.000000000000000E+000
 
 E_P_OMG4  =  0.000000000000000E+000
 E_E_OMG4  =  0.000000000000000E+000
 E_AE_OMG4 =  0.000000000000000E+000
 E_BE_OMG4 =  0.000000000000000E+000
 
 S_P_OMG1  =  0.000000000000000E+000
 S_E_OMG1  =  0.000000000000000E+000
 S_AE_OMG1 =  0.000000000000000E+000
 S_BE_OMG1 =  0.000000000000000E+000
 
 S_P_OMG2  =  0.000000000000000E+000
 S_E_OMG2  =  0.000000000000000E+000
 S_AE_OMG2 =  0.000000000000000E+000
 S_BE_OMG2 =  0.000000000000000E+000
 
 E_E_Total=  -7.36683056091366     
 
  12       -7.3668305609    -0.0000000020     0.0000094331     0.0000208066     0.0000473692     0.0000039781     0.0000055373
 
 IN: UHF_FOCK
 
 E_ecore=  -10.8838714381748     
 E_AE_ecore=  -5.81256268568099     
 E_BE_ecore=  -5.07130875249384     
 
 E_GAMee=   3.78308026762208     
 E_AE_GAMee=   2.13963079673183     
 E_BE_GAMee=   1.64344947089025     
 
 E_P_GAMep = -0.973546153771570     
 E_E_GAMep = -0.973546153771572     
 E_AE_GAMep= -0.579977600669835     
 E_BE_GAMep= -0.393568553101737     
 
 E_P_OMG1  =  0.000000000000000E+000
 E_E_OMG1  =  0.000000000000000E+000
 E_AE_OMG1 =  0.000000000000000E+000
 E_BE_OMG1 =  0.000000000000000E+000
 
 E_P_OMG2  =  0.000000000000000E+000
 E_E_OMG2  =  0.000000000000000E+000
 E_AE_OMG2 =  0.000000000000000E+000
 E_BE_OMG2 =  0.000000000000000E+000
 
 E_P_OMG3  =  0.000000000000000E+000
 E_E_OMG3  =  0.000000000000000E+000
 E_AE_OMG3 =  0.000000000000000E+000
 E_BE_OMG3 =  0.000000000000000E+000
 
 E_P_OMG4  =  0.000000000000000E+000
 E_E_OMG4  =  0.000000000000000E+000
 E_AE_OMG4 =  0.000000000000000E+000
 E_BE_OMG4 =  0.000000000000000E+000
 
 S_P_OMG1  =  0.000000000000000E+000
 S_E_OMG1  =  0.000000000000000E+000
 S_AE_OMG1 =  0.000000000000000E+000
 S_BE_OMG1 =  0.000000000000000E+000
 
 S_P_OMG2  =  0.000000000000000E+000
 S_E_OMG2  =  0.000000000000000E+000
 S_AE_OMG2 =  0.000000000000000E+000
 S_BE_OMG2 =  0.000000000000000E+000
 
 E_E_Total=  -7.36683056102277     
 
  13       -7.3668305610    -0.0000000001     0.0000079631     0.0000031627     0.0000069795     0.0000017720     0.0000017828
 
 IN: UHF_FOCK
 
 E_ecore=  -10.8838715217116     
 E_AE_ecore=  -5.81256417441523     
 E_BE_ecore=  -5.07130734729640     
 
 E_GAMee=   3.78308036240319     
 E_AE_GAMee=   2.13963118976888     
 E_BE_GAMee=   1.64344917263430     
 
 E_P_GAMep = -0.973547761903214     
 E_E_GAMep = -0.973547761903208     
 E_AE_GAMep= -0.579978573340511     
 E_BE_GAMep= -0.393569188562697     
 
 E_P_OMG1  =  0.000000000000000E+000
 E_E_OMG1  =  0.000000000000000E+000
 E_AE_OMG1 =  0.000000000000000E+000
 E_BE_OMG1 =  0.000000000000000E+000
 
 E_P_OMG2  =  0.000000000000000E+000
 E_E_OMG2  =  0.000000000000000E+000
 E_AE_OMG2 =  0.000000000000000E+000
 E_BE_OMG2 =  0.000000000000000E+000
 
 E_P_OMG3  =  0.000000000000000E+000
 E_E_OMG3  =  0.000000000000000E+000
 E_AE_OMG3 =  0.000000000000000E+000
 E_BE_OMG3 =  0.000000000000000E+000
 
 E_P_OMG4  =  0.000000000000000E+000
 E_E_OMG4  =  0.000000000000000E+000
 E_AE_OMG4 =  0.000000000000000E+000
 E_BE_OMG4 =  0.000000000000000E+000
 
 S_P_OMG1  =  0.000000000000000E+000
 S_E_OMG1  =  0.000000000000000E+000
 S_AE_OMG1 =  0.000000000000000E+000
 S_BE_OMG1 =  0.000000000000000E+000
 
 S_P_OMG2  =  0.000000000000000E+000
 S_E_OMG2  =  0.000000000000000E+000
 S_AE_OMG2 =  0.000000000000000E+000
 S_BE_OMG2 =  0.000000000000000E+000
 
 E_E_Total=  -7.36683056103281     
 
  14       -7.3668305610     0.0000000000     0.0000032446     0.0000003291     0.0000001034     0.0000005644     0.0000003331
 
 IN: UHF_FOCK
 
 E_ecore=  -10.8838716549957     
 E_AE_ecore=  -5.81256452329805     
 E_BE_ecore=  -5.07130713169764     
 
 E_GAMee=   3.78308050189395     
 E_AE_GAMee=   2.13963136382836     
 E_BE_GAMee=   1.64344913806559     
 
 E_P_GAMep = -0.973547804155660     
 E_E_GAMep = -0.973547804155652     
 E_AE_GAMep= -0.579978609484308     
 E_BE_GAMep= -0.393569194671344     
 
 E_P_OMG1  =  0.000000000000000E+000
 E_E_OMG1  =  0.000000000000000E+000
 E_AE_OMG1 =  0.000000000000000E+000
 E_BE_OMG1 =  0.000000000000000E+000
 
 E_P_OMG2  =  0.000000000000000E+000
 E_E_OMG2  =  0.000000000000000E+000
 E_AE_OMG2 =  0.000000000000000E+000
 E_BE_OMG2 =  0.000000000000000E+000
 
 E_P_OMG3  =  0.000000000000000E+000
 E_E_OMG3  =  0.000000000000000E+000
 E_AE_OMG3 =  0.000000000000000E+000
 E_BE_OMG3 =  0.000000000000000E+000
 
 E_P_OMG4  =  0.000000000000000E+000
 E_E_OMG4  =  0.000000000000000E+000
 E_AE_OMG4 =  0.000000000000000E+000
 E_BE_OMG4 =  0.000000000000000E+000
 
 S_P_OMG1  =  0.000000000000000E+000
 S_E_OMG1  =  0.000000000000000E+000
 S_AE_OMG1 =  0.000000000000000E+000
 S_BE_OMG1 =  0.000000000000000E+000
 
 S_P_OMG2  =  0.000000000000000E+000
 S_E_OMG2  =  0.000000000000000E+000
 S_AE_OMG2 =  0.000000000000000E+000
 S_BE_OMG2 =  0.000000000000000E+000
 
 E_E_Total=  -7.36683056103324     
 
  15       -7.3668305610     0.0000000000     0.0000003895     0.0000003780     0.0000000823     0.0000002317     0.0000000404

 FINAL NEOXCHF ENERGY IS       -7.3668305610 AFTER  15 ITERATIONS

      -----------------------------------------------
               NEOXCHF ENERGETIC COMPONENTS          
      -----------------------------------------------
                E_NUC=         0.0000000000
              E_ECORE=       -10.8838716550
              E_PCORE=         0.7075083962
                 E_EP=        -0.9735478042
                 E_EE=         3.7830805019
               E_OMG1=         0.0000000000
               E_OMG2=         0.0000000000
               E_OMG3=         0.0000000000
               E_OMG4=         0.0000000000
              S_TOTAL=         1.0000000000
              E_TOTAL=        -7.3668305610


  ALPHA ELECTRONIC ORBITALS AND EIGENVALUES:         

                        1          2          3          4          5

                     -1.3226     0.1436     0.4534     1.7104     8.2154

    1  LABEL       -0.010169  -1.289568   0.921226  -0.518129  -0.181108
    2  LABEL        0.028588   0.482619  -1.840303   1.611676   0.592123
    3  LABEL        0.173325  -0.090890   0.452494  -2.388092  -1.349297
    4  LABEL        0.564115   0.080707   0.157321   1.156294   2.267871
    5  LABEL        0.310662   0.014354   0.091702   0.042470  -1.653174
    6  LABEL        0.086424   0.007234   0.019883   0.071885   0.068695
    7  LABEL        0.017255   0.000782   0.004684   0.002638  -0.060219
    8  LABEL        0.004816   0.000365   0.001119   0.003355   0.000164

                        6          7          8

                     36.0848   152.7087   637.9818

    1  LABEL        0.075223  -0.033720  -0.015482
    2  LABEL       -0.242254   0.107935   0.049454
    3  LABEL        0.557337  -0.245605  -0.111898
    4  LABEL       -1.177874   0.520573   0.234451
    5  LABEL        2.074064  -1.079672  -0.485540
    6  LABEL       -1.836799   1.940529   0.996405
    7  LABEL        0.170945  -1.851901  -1.782872
    8  LABEL       -0.049380   0.159541   1.670961

   BETA ELECTRONIC ORBITALS AND EIGENVALUES:         

                        1          2          3          4          5

                     -1.3068     0.2640     0.4639     1.8114     8.2415

    1  LABEL        0.017885  -1.082004   1.159131  -0.517610  -0.174739
    2  LABEL       -0.021540   0.096059  -1.929226   1.582089   0.578351
    3  LABEL        0.192894   0.039099   0.505186  -2.383461  -1.338764
    4  LABEL        0.566938   0.087758   0.095942   1.171660   2.262569
    5  LABEL        0.308304   0.031181   0.087366   0.039928  -1.654343
    6  LABEL        0.086214   0.009393   0.013516   0.072891   0.068675
    7  LABEL        0.017205   0.001640   0.004416   0.002604  -0.060280
    8  LABEL        0.004810   0.000504   0.000819   0.003403   0.000151

                        6          7          8

                     36.0962   152.7143   637.9840

    1  LABEL        0.074659  -0.033685  -0.015477
    2  LABEL       -0.241181   0.107866   0.049445
    3  LABEL        0.556914  -0.245577  -0.111896
    4  LABEL       -1.177632   0.520563   0.234452
    5  LABEL        2.073556  -1.079636  -0.485539
    6  LABEL       -1.836868   1.940482   0.996402
    7  LABEL        0.170972  -1.851900  -1.782870
    8  LABEL       -0.049386   0.159542   1.670961

       QM PARTICLE ORBITALS AND EIGENVALUES:         

                        1          2          3          4          5

                     -0.2660    -0.1533    -0.0489     0.3272     1.3339

    1  LABEL        0.073799  -1.958912   2.338194   1.094337  -0.574022
    2  LABEL        1.039228   1.599774  -5.478112  -3.636184   2.038790
    3  LABEL       -0.003569   0.445529   5.129041   6.194898  -4.189603
    4  LABEL       -0.188110  -0.310940  -1.769294  -5.798378   6.093097
    5  LABEL        0.005553   0.027184   0.357675   1.999352  -5.255846
    6  LABEL       -0.017756  -0.022227  -0.098362  -0.219838   1.404539

                        6

                      4.9530

    1  LABEL       -0.304739
    2  LABEL        1.078929
    3  LABEL       -2.261244
    4  LABEL        3.679517
    5  LABEL       -4.521232
    6  LABEL        2.983008

          +--------------------------------------+
          |    TIMING SUMMARY FOR CALCULATION    |
          +--------------------------------------+
            TIME TO EVALUATE INTEGRALS:       0.1406
                          TIME FOR SCF:       0.0400

