 
 nat   =                     2
 npebf =                    19
 nebf  =                    10
 npbf  =                     3
 ngtg1 =                     3
 ngee  =                 10000
 ng1   =                   900
 ng2   =                 90000
 ng3   =               9000000
 ng4   =             900000000
 ng1prm=                  3249
 ng2prm=               1172889
 ng3prm=             423412929
 
 PMASS   =   1836.00000000000     
 nelec   =                     9
 NAE     =                     5
 NBE     =                     4
 NUCST   =                     1
 LNEOHF  = T
 LXCUHF  = T
 LXCROHF = F
 LRXCHF  = F
 read_CE = F
 read_CP = F
 READ_GAM2= F
 READ_GAM3= F
 READ_GAM4= F
 NG4CHK  =                     1
 LGAM4   = T
 LG4DSCF = F
 LG4IC   = T
 NG3CHK  =                    10
 LG3DSCF = F
 LG3IC1  = T
 LG3IC2  = F
 NG2CHK  =                     1
 LG2DSCF = F
 LG2IC1  = T
 LCMF    = F
 LSOSCF  = T
 
  CHECK CONTRACTED ELECTRONIC BASIS FUNCTIONS 
 CONT INDEX    KPESTR     KPEEND

   1     1    3

   2     4    6

   3     7    7

   4     8    8

   5     9   11

   6    12   14

   7    15   15

   8    16   16

   9    17   18

  10    19   19
 
 ELECTRONIC BASIS FUNCTIONS:
 
 PRIM  CONT    ANG       EXPONENT CONTRACT  -X- -Y- -Z-
 INDEX INDEX   MOM                  COEF

   1     1    0  0  0   97.585000  0.022358  0.000000  0.000000 -3.140444

   2     1    0  0  0   14.755000  0.144990  0.000000  0.000000 -3.140444

   3     1    0  0  0    3.223300  0.345940  0.000000  0.000000 -3.140444

   4     2    0  0  0   14.755000  0.005188  0.000000  0.000000 -3.140444

   5     2    0  0  0    3.223300  0.166980  0.000000  0.000000 -3.140444

   6     2    0  0  0    0.787890  0.725660  0.000000  0.000000 -3.140444

   7     3    0  0  0    0.051009  1.000000  0.000000  0.000000 -3.140444

   8     4    0  0  1    0.330000  1.000000  0.000000  0.000000 -3.140444

   9     5    0  0  0   97.585000  0.022358  0.000000  0.000000  3.140444

  10     5    0  0  0   14.755000  0.144990  0.000000  0.000000  3.140444

  11     5    0  0  0    3.223300  0.345940  0.000000  0.000000  3.140444

  12     6    0  0  0   14.755000  0.005188  0.000000  0.000000  3.140444

  13     6    0  0  0    3.223300  0.166980  0.000000  0.000000  3.140444

  14     6    0  0  0    0.787890  0.725660  0.000000  0.000000  3.140444

  15     7    0  0  0    0.051009  1.000000  0.000000  0.000000  3.140444

  16     8    0  0  1    0.330000  1.000000  0.000000  0.000000  3.140444

  17     9    0  0  0    4.344800  0.079299  0.000000  0.000000  0.000000

  18     9    0  0  0    0.660490  0.424220  0.000000  0.000000  0.000000

  19    10    0  0  0    0.136690  1.000000  0.000000  0.000000  0.000000
 ELECTRONIC BASIS FUNCTIONS:
 CONTRACT COEFF HAVE BEEN NORMALIZED
 
 PRIM  CONT    ANG       EXPONENT CONTRACT  -X- -Y- -Z-
 INDEX INDEX   MOM                  COEF

   1     1    0  0  0   97.585000  1.065915  0.000000  0.000000 -3.140444

   2     1    0  0  0   14.755000  1.676081  0.000000  0.000000 -3.140444

   3     1    0  0  0    3.223300  1.277847  0.000000  0.000000 -3.140444

   4     2    0  0  0   14.755000  0.032588  0.000000  0.000000 -3.140444

   5     2    0  0  0    3.223300  0.335189  0.000000  0.000000 -3.140444

   6     2    0  0  0    0.787890  0.506387  0.000000  0.000000 -3.140444

   7     3    0  0  0    0.051009  0.076497  0.000000  0.000000 -3.140444

   8     4    0  0  1    0.330000  0.356519  0.000000  0.000000 -3.140444

   9     5    0  0  0   97.585000  1.065915  0.000000  0.000000  3.140444

  10     5    0  0  0   14.755000  1.676081  0.000000  0.000000  3.140444

  11     5    0  0  0    3.223300  1.277847  0.000000  0.000000  3.140444

  12     6    0  0  0   14.755000  0.032588  0.000000  0.000000  3.140444

  13     6    0  0  0    3.223300  0.335189  0.000000  0.000000  3.140444

  14     6    0  0  0    0.787890  0.506387  0.000000  0.000000  3.140444

  15     7    0  0  0    0.051009  0.076497  0.000000  0.000000  3.140444

  16     8    0  0  1    0.330000  0.356519  0.000000  0.000000  3.140444

  17     9    0  0  0    4.344800  0.359586  0.000000  0.000000  0.000000

  18     9    0  0  0    0.660490  0.468327  0.000000  0.000000  0.000000

  19    10    0  0  0    0.136690  0.160218  0.000000  0.000000  0.000000
 
 NUCLEAR BASIS FUNCTIONS:
 
 PRIM  CONT    ANG       EXPONENT CONTRACT  -X- -Y- -Z-
 INDEX INDEX   MOM                  COEF

   1     1    0  0  0   10.639300  1.000000  0.000000  0.000000  0.000000

   2     2    0  0  0   12.295200  1.000000  0.000000  0.000000 -0.152683

   3     3    0  0  0   12.295200  1.000000  0.000000  0.000000  0.152683
 
 NUCLEAR BASIS FUNCTIONS:
 CONTRACT COEFF HAVE BEEN NORMALIZED
 
 PRIM  CONT    ANG       EXPONENT CONTRACT  -X- -Y- -Z-
 INDEX INDEX   MOM                  COEF

   1     1    0  0  0   10.639300  4.198507  0.000000  0.000000  0.000000

   2     2    0  0  0   12.295200  4.679633  0.000000  0.000000 -0.152683

   3     3    0  0  0   12.295200  4.679633  0.000000  0.000000  0.152683
 
 CONTRACTED ELECTRONIC OVERLAP MATRIX
 

             1           2           3           4           5

    1    1.0000000
    2    0.7225394   1.0000000
    3    0.1048713   0.3050711   1.0000000
    4    0.0000000   0.0000000   0.0000000   1.0000000
    5    0.0000000   0.0000000   0.0144224   0.0000171   1.0000000
    6    0.0000000   0.0000001   0.0457703   0.0003941   0.7225394
    7    0.0144224   0.0457703   0.3656272   0.0950296   0.1048713
    8   -0.0000171  -0.0003941  -0.0950296  -0.0179038   0.0000000
    9    0.0021002   0.0225402   0.2184805   0.2354641   0.0021002
   10    0.0578866   0.1745533   0.5818127   0.3537429   0.0578866

             6           7           8           9          10

    6    1.0000000
    7    0.3050711   1.0000000
    8    0.0000000   0.0000000   1.0000000
    9    0.0225402   0.2184805  -0.2354641   1.0000000
   10    0.1745533   0.5818127  -0.3537429   0.6208334   1.0000000
 
 NUCLEAR OVERLAP MATRIX
 

             1           2           3

    1    1.0000000
    2    0.8720692   1.0000000
    3    0.8720692   0.5636873   1.0000000
 
 **************************************
  CALCULATING ELEC+NUC CORE INTEGRALS  
 **************************************
 
 all done in calc_GAM_epcore
 
 **************************************
     Computing GAM_ep Integrals    
 **************************************
 
 got here
 all done in calc_GAM_ep
 
 **************************************
     Computing GAM_ee Integrals    
 
 nebf =                    10
 npebf=                    19
 ngee =                 10000
 **************************************
 
 all done in calc_GAM_ee
 READ IN NUC REPULSION
 
 READ IN NUC OVLAP
 READ IN ELEC OVLAP
 READ IN GAM_ECORE
 READ IN GAM_PCORE
 READ IN GAM_EP
 READ IN GAM_EE
 
 ABOUT TO CALL guess_A_elec
 BACK FROM guess_elec
 
 ABOUT TO CALL guess_prot
 BACK FROM guess_prot
 

       ** BEGIN NEOXC SELF-CONSISTENT-FIELD CALCULATION **

           INITIAL GUESS ENERGETICS:            

      -----------------------------------------------
               NEOXCHF ENERGETIC COMPONENTS          
      -----------------------------------------------
                E_NUC=         1.4329184440
              E_ECORE=       -27.4348016809
              E_PCORE=         1.9177117846
                 E_EP=        -3.3520318258
                 E_EE=        14.2725595265
               E_OMG1=         0.0000000000
               E_OMG2=         0.0000000000
               E_OMG3=         0.0000000000
               E_OMG4=         0.0000000000
              S_TOTAL=         1.0000000000
              E_TOTAL=       -13.1636437516


 ITER      TOTAL ENERGY        E CHANGE       ALPHA DENS       BETA DENS        QMP DENS         ORBGRAD_A        ORBGRAD_B
   1      -13.1636437516   -13.1636437516     1.4533413926     1.4516067851     1.2890269243     0.0000000000     0.0000000000
          ---------------START SECOND ORDER SCF---------------
   2      -15.0087517693    -1.8451080177     0.1297813206     0.1462585961     1.2226052208     0.0771408100     0.0816140777
   3      -15.0528162904    -0.0440645211     0.0336049165     0.0252016920     0.3039416990     0.0130077337     0.0136720104
   4      -15.0537833340    -0.0009670436     0.0092913450     0.0056253564     0.0414405562     0.0049194531     0.0017509491
   5      -15.0538585693    -0.0000752353     0.0001631195     0.0005761542     0.0060639398     0.0000978101     0.0001724160
   6      -15.0538586600    -0.0000000908     0.0000528820     0.0000321621     0.0000025232     0.0000218973     0.0000122978
   7      -15.0538586611    -0.0000000011     0.0000047595     0.0000118703     0.0000119901     0.0000022509     0.0000034544
   8      -15.0538586611     0.0000000000     0.0000036029     0.0000010693     0.0000032509     0.0000007864     0.0000009251
   9      -15.0538586611     0.0000000000     0.0000004938     0.0000011683     0.0000001940     0.0000003368     0.0000003957
  10      -15.0538586611     0.0000000000     0.0000001844     0.0000007866     0.0000011106     0.0000002112     0.0000003075

 FINAL NEOXCHF ENERGY IS      -15.0538586611 AFTER  10 ITERATIONS

      -----------------------------------------------
               NEOXCHF ENERGETIC COMPONENTS          
      -----------------------------------------------
                E_NUC=         1.4329184440
              E_ECORE=       -26.1593540079
              E_PCORE=         1.9182511800
                 E_EP=        -3.4826942420
                 E_EE=        11.2370199647
               E_OMG1=         0.0000000000
               E_OMG2=         0.0000000000
               E_OMG3=         0.0000000000
               E_OMG4=         0.0000000000
              S_TOTAL=         1.0000000000
              E_TOTAL=       -15.0538586611


  ALPHA ELECTRONIC ORBITALS AND EIGENVALUES:         

                        1          2          3          4          5

                     -1.4216    -1.4204     0.2517     0.4179     0.4754

    1  LABEL       -0.326825  -0.327219  -0.049776  -0.016258  -0.049396
    2  LABEL       -0.427722  -0.428353  -0.130599  -0.062213  -0.165793
    3  LABEL       -0.016096  -0.023217   0.328881   0.773864   0.915681
    4  LABEL        0.003576   0.002359   0.042256  -0.054015  -0.057503
    5  LABEL       -0.326825   0.327219  -0.049776  -0.016258   0.049396
    6  LABEL       -0.427722   0.428353  -0.130599  -0.062213   0.165793
    7  LABEL       -0.016096   0.023217   0.328881   0.773864  -0.915681
    8  LABEL       -0.003576   0.002359  -0.042256   0.054015  -0.057503
    9  LABEL       -0.008720   0.000000   0.243035  -0.120155   0.000000
   10  LABEL       -0.007189   0.000000   0.400318  -1.047793   0.000000

                        6          7          8          9         10

                      0.8352     1.1611     1.6632     5.2232     5.2575

    1  LABEL       -0.007851   0.034675  -0.022203  -0.987296   0.987532
    2  LABEL       -0.031973   0.018391  -0.072400   0.993510  -0.997896
    3  LABEL        0.191688   0.456220  -0.311602  -0.230340   0.057901
    4  LABEL        0.716937   0.899732  -0.056497  -0.021739  -0.082247
    5  LABEL        0.007851   0.034675  -0.022203   0.987296   0.987532
    6  LABEL        0.031973   0.018391  -0.072400  -0.993510  -0.997896
    7  LABEL       -0.191688   0.456220  -0.311602   0.230340   0.057901
    8  LABEL        0.716937  -0.899732   0.056497  -0.021739   0.082247
    9  LABEL        0.000000   0.069061  -1.330166   0.000000  -0.111105
   10  LABEL        0.000000  -1.269823   1.449436   0.000000   0.269749

   BETA ELECTRONIC ORBITALS AND EIGENVALUES:         

                        1          2          3          4          5

                     -1.4069    -1.4062     0.2899     0.5171     0.5369

    1  LABEL       -0.325661   0.326402   0.043279   0.021286  -0.030606
    2  LABEL       -0.429994   0.432142   0.114545   0.087373  -0.176525
    3  LABEL       -0.009109   0.009947  -0.157681  -0.835152   0.932048
    4  LABEL        0.003196  -0.001272  -0.056197   0.023043   0.002913
    5  LABEL       -0.325661  -0.326402   0.043279   0.021286   0.030606
    6  LABEL       -0.429994  -0.432142   0.114545   0.087373   0.176525
    7  LABEL       -0.009109  -0.009947  -0.157681  -0.835152  -0.932048
    8  LABEL       -0.003196  -0.001272   0.056197  -0.023043   0.002913
    9  LABEL       -0.008589   0.000000  -0.266569   0.072099   0.000000
   10  LABEL       -0.013835   0.000000  -0.607945   0.957395   0.000000

                        6          7          8          9         10

                      0.9136     1.3270     1.6688     5.2568     5.2867

    1  LABEL        0.013679   0.024244  -0.023130  -0.988264   0.988416
    2  LABEL        0.009218   0.029785  -0.072734   0.990488  -0.996706
    3  LABEL       -0.112384   0.427795  -0.326747  -0.217645   0.060633
    4  LABEL       -0.718997   0.899554  -0.077580  -0.028578  -0.072625
    5  LABEL       -0.013679   0.024244  -0.023130   0.988264   0.988416
    6  LABEL       -0.009218   0.029785  -0.072734  -0.990488  -0.996706
    7  LABEL        0.112384   0.427795  -0.326747   0.217645   0.060633
    8  LABEL       -0.718997  -0.899554   0.077580  -0.028578   0.072625
    9  LABEL        0.000000   0.039215  -1.330365   0.000000  -0.110886
   10  LABEL        0.000000  -1.217529   1.486255   0.000000   0.257941

       QM PARTICLE ORBITALS AND EIGENVALUES:         

                        1          2          3

                     -1.5644    -1.5347    -1.5093

    1  LABEL       -1.559546   0.000000  -5.848692
    2  LABEL        0.323379  -1.070498   3.407510
    3  LABEL        0.323379   1.070498   3.407510

          +--------------------------------------+
          |    TIMING SUMMARY FOR CALCULATION    |
          +--------------------------------------+
            TIME TO EVALUATE INTEGRALS:       0.4121
                          TIME FOR SCF:       0.1498

