 
 nat   =                     1
 npebf =                     8
 nebf  =                     8
 npbf  =                     6
 ngtg1 =                     1
 ngee  =                  4096
 ng1   =                  2304
 ng2   =                147456
 ng3   =               9437184
 ng4   =             603979776
 ng1prm=                  2304
 ng2prm=                147456
 ng3prm=               9437184
 
 PMASS   =   1.00000000000000     
 nelec   =                     3
 NAE     =                     2
 NBE     =                     1
 NUCST   =                     1
 LNEOHF  = T
 LXCUHF  = T
 LXCROHF = F
 LRXCHF  = F
 read_CE = F
 read_CP = F
 READ_GAM2= F
 READ_GAM3= F
 READ_GAM4= F
 NG4CHK  =                    10
 LGAM4   = T
 LG4DSCF = F
 LG4IC   = T
 NG3CHK  =                    10
 LG3DSCF = F
 LG3IC1  = T
 LG3IC2  = F
 NG2CHK  =                     1
 LG2DSCF = F
 LG2IC1  = T
 LCMF    = F
 LSOSCF  = T
 
  CHECK CONTRACTED ELECTRONIC BASIS FUNCTIONS 
 CONT INDEX    KPESTR     KPEEND

   1     1    1

   2     2    2

   3     3    3

   4     4    4

   5     5    5

   6     6    6

   7     7    7

   8     8    8
 
 ELECTRONIC BASIS FUNCTIONS:
 
 PRIM  CONT    ANG       EXPONENT CONTRACT  -X- -Y- -Z-
 INDEX INDEX   MOM                  COEF

   1     1    0  0  0    0.026631  1.000000  0.000000  0.000000  0.000000

   2     2    0  0  0    0.099651  1.000000  0.000000  0.000000  0.000000

   3     3    0  0  0    0.372887  1.000000  0.000000  0.000000  0.000000

   4     4    0  0  0    1.395309  1.000000  0.000000  0.000000  0.000000

   5     5    0  0  0    5.221120  1.000000  0.000000  0.000000  0.000000

   6     6    0  0  0   19.536960  1.000000  0.000000  0.000000  0.000000

   7     7    0  0  0   73.105547  1.000000  0.000000  0.000000  0.000000

   8     8    0  0  0  273.554377  1.000000  0.000000  0.000000  0.000000
 ELECTRONIC BASIS FUNCTIONS:
 CONTRACT COEFF HAVE BEEN NORMALIZED
 
 PRIM  CONT    ANG       EXPONENT CONTRACT  -X- -Y- -Z-
 INDEX INDEX   MOM                  COEF

   1     1    0  0  0    0.026631  0.046984  0.000000  0.000000  0.000000

   2     2    0  0  0    0.099651  0.126407  0.000000  0.000000  0.000000

   3     3    0  0  0    0.372887  0.340089  0.000000  0.000000  0.000000

   4     4    0  0  0    1.395309  0.914983  0.000000  0.000000  0.000000

   5     5    0  0  0    5.221120  2.461687  0.000000  0.000000  0.000000

   6     6    0  0  0   19.536960  6.622971  0.000000  0.000000  0.000000

   7     7    0  0  0   73.105547 17.818570  0.000000  0.000000  0.000000

   8     8    0  0  0  273.554377 47.939427  0.000000  0.000000  0.000000
 
 NUCLEAR BASIS FUNCTIONS:
 
 PRIM  CONT    ANG       EXPONENT CONTRACT  -X- -Y- -Z-
 INDEX INDEX   MOM                  COEF

   1     1    0  0  0    0.012247  1.000000  0.000000  0.000000  0.000000

   2     2    0  0  0    0.028902  1.000000  0.000000  0.000000  0.000000

   3     3    0  0  0    0.068202  1.000000  0.000000  0.000000  0.000000

   4     4    0  0  0    0.160944  1.000000  0.000000  0.000000  0.000000

   5     5    0  0  0    0.379798  1.000000  0.000000  0.000000  0.000000

   6     6    0  0  0    0.896251  1.000000  0.000000  0.000000  0.000000
 
 NUCLEAR BASIS FUNCTIONS:
 CONTRACT COEFF HAVE BEEN NORMALIZED
 
 PRIM  CONT    ANG       EXPONENT CONTRACT  -X- -Y- -Z-
 INDEX INDEX   MOM                  COEF

   1     1    0  0  0    0.012247  0.026239  0.000000  0.000000  0.000000

   2     2    0  0  0    0.028902  0.049958  0.000000  0.000000  0.000000

   3     3    0  0  0    0.068202  0.095117  0.000000  0.000000  0.000000

   4     4    0  0  0    0.160944  0.181099  0.000000  0.000000  0.000000

   5     5    0  0  0    0.379798  0.344806  0.000000  0.000000  0.000000

   6     6    0  0  0    0.896251  0.656496  0.000000  0.000000  0.000000
 
 CONTRACTED ELECTRONIC OVERLAP MATRIX
 

             1           2           3           4           5

    1    1.0000000
    2    0.7369449   1.0000000
    3    0.3523433   0.7369449   1.0000000
    4    0.1411785   0.3523433   0.7369449   1.0000000
    5    0.0535736   0.1411785   0.3523433   0.7369449   1.0000000
    6    0.0200243   0.0535736   0.1411785   0.3523433   0.7369449
    7    0.0074540   0.0200243   0.0535736   0.1411785   0.3523433
    8    0.0027717   0.0074540   0.0200243   0.0535736   0.1411785

             6           7           8

    6    1.0000000
    7    0.7369449   1.0000000
    8    0.3523433   0.7369449   1.0000000
 
 NUCLEAR OVERLAP MATRIX
 

             1           2           3           4           5

    1    1.0000000
    2    0.8744414   1.0000000
    3    0.6090334   0.8744414   1.0000000
    4    0.3671085   0.6090334   0.8744414   1.0000000
    5    0.2052288   0.3671085   0.6090334   0.8744414   1.0000000
    6    0.1107680   0.2052288   0.3671085   0.6090334   0.8744414

             6

    6    1.0000000
 
 **************************************
  CALCULATING ELEC+NUC CORE INTEGRALS  
 **************************************
 
 all done in calc_GAM_epcore
 
 **************************************
     Computing GAM_ep Integrals    
 **************************************
 
 got here
 all done in calc_GAM_ep
 
 **************************************
     Computing GAM_ee Integrals    
 
 nebf =                     8
 npebf=                     8
 ngee =                  4096
 **************************************
 
 all done in calc_GAM_ee
 READ IN NUC REPULSION
 
 READ IN NUC OVLAP
 READ IN ELEC OVLAP
 READ IN GAM_ECORE
 READ IN GAM_PCORE
 READ IN GAM_EP
 READ IN GAM_EE
 
 ABOUT TO CALL guess_A_elec
 BACK FROM guess_elec
 
 ABOUT TO CALL guess_prot
 BACK FROM guess_prot
 

       ** BEGIN NEOXC SELF-CONSISTENT-FIELD CALCULATION **

           INITIAL GUESS ENERGETICS:            

      -----------------------------------------------
               NEOXCHF ENERGETIC COMPONENTS          
      -----------------------------------------------
                E_NUC=         0.0000000000
              E_ECORE=       -10.1135276871
              E_PCORE=         0.3007014603
                 E_EP=        -0.2675527221
                 E_EE=         3.0642202824
               E_OMG1=         0.0000000000
               E_OMG2=         0.0000000000
               E_OMG3=         0.0000000000
               E_OMG4=         0.0000000000
              S_TOTAL=         1.0000000000
              E_TOTAL=        -7.0161586665


 ITER      TOTAL ENERGY        E CHANGE       ALPHA DENS       BETA DENS        QMP DENS         ORBGRAD_A        ORBGRAD_B
   1       -7.0161586665    -7.0161586665     0.6849698848     0.3276556593     3.0577061118     0.0000000000     0.0000000000
          ---------------START SECOND ORDER SCF---------------
   2       -7.3919523897    -0.3757937232     0.2598639603     0.0048409953     0.3179343436     0.0948908657     0.0211432587
   3       -7.4095732783    -0.0176208886     0.0901414355     0.0004853236     0.2185626255     0.0124062458     0.0071116099
   4       -7.4103809652    -0.0008076868     0.0044976012     0.0016352930     0.0746216201     0.0025678876     0.0040214216
   5       -7.4104005432    -0.0000195780     0.0065557172     0.0005592791     0.0012772285     0.0015618863     0.0033329352
   6       -7.4104050198    -0.0000044766     0.0023349359     0.0000592482     0.0038698864     0.0010178982     0.0002898144
   7       -7.4104057502    -0.0000007304     0.0000594124     0.0000118625     0.0012106838     0.0001428253     0.0001040197
   8       -7.4104057628    -0.0000000126     0.0000268746     0.0000104427     0.0000588794     0.0000298773     0.0000495246
   9       -7.4104057639    -0.0000000011     0.0000093532     0.0000019919     0.0000212490     0.0000127660     0.0000115406
  10       -7.4104057640    -0.0000000001     0.0000043099     0.0000006134     0.0000093921     0.0000123963     0.0000047334
  11       -7.4104057640     0.0000000000     0.0000002853     0.0000000601     0.0000034820     0.0000006338     0.0000005956

 FINAL NEOXCHF ENERGY IS       -7.4104057640 AFTER  11 ITERATIONS

      -----------------------------------------------
               NEOXCHF ENERGETIC COMPONENTS          
      -----------------------------------------------
                E_NUC=         0.0000000000
              E_ECORE=        -9.7125775955
              E_PCORE=         0.3561554828
                 E_EP=        -0.3379870287
                 E_EE=         2.2840033773
               E_OMG1=         0.0000000000
               E_OMG2=         0.0000000000
               E_OMG3=         0.0000000000
               E_OMG4=         0.0000000000
              S_TOTAL=         1.0000000000
              E_TOTAL=        -7.4104057640


  ALPHA ELECTRONIC ORBITALS AND EIGENVALUES:         

                        1          2          3          4          5

                     -2.2064    -0.2005     0.0236     1.1313     7.3770

    1  LABEL       -0.013565  -0.608539   1.430432  -0.602510  -0.182477
    2  LABEL        0.012900  -0.571029  -1.729126   1.700080   0.601267
    3  LABEL       -0.183472   0.180959   0.299654  -2.394933  -1.367864
    4  LABEL       -0.567596   0.134815   0.138045   1.131727   2.275533
    5  LABEL       -0.312026   0.057955   0.071382   0.054083  -1.648503
    6  LABEL       -0.086822   0.015065   0.014881   0.070168   0.065590
    7  LABEL       -0.017331   0.002985   0.003583   0.003156  -0.059745
    8  LABEL       -0.004837   0.000821   0.000838   0.003290   0.000074

                        6          7          8

                     35.1343   151.6910   636.9276

    1  LABEL        0.075512  -0.033777  -0.015488
    2  LABEL       -0.243505   0.108126   0.049474
    3  LABEL        0.560454  -0.245995  -0.111943
    4  LABEL       -1.182479   0.521145   0.234519
    5  LABEL        2.076926  -1.080433  -0.485634
    6  LABEL       -1.836278   1.941116   0.996519
    7  LABEL        0.170406  -1.851885  -1.782955
    8  LABEL       -0.049300   0.159486   1.670969

   BETA ELECTRONIC ORBITALS AND EIGENVALUES:         

                        1          2          3          4          5

                     -2.1467    -0.0482     0.1773     1.3242     7.4480

    1  LABEL        0.006144  -1.235886   1.016379  -0.468580  -0.181438
    2  LABEL       -0.020679   0.366622  -1.974933   1.477069   0.592624
    3  LABEL        0.190656  -0.024889   0.626174  -2.349302  -1.347346
    4  LABEL        0.568506   0.060658   0.054762   1.168534   2.264140
    5  LABEL        0.309990   0.014840   0.078236   0.049490  -1.651489
    6  LABEL        0.086592   0.005799   0.011307   0.072361   0.066207
    7  LABEL        0.017269   0.000801   0.003985   0.003149  -0.059905
    8  LABEL        0.004827   0.000303   0.000703   0.003399   0.000067

                        6          7          8

                     35.1705   151.7092   636.9349

    1  LABEL        0.075454  -0.033771  -0.015487
    2  LABEL       -0.243061   0.108100   0.049472
    3  LABEL        0.559873  -0.245953  -0.111940
    4  LABEL       -1.181052   0.521094   0.234517
    5  LABEL        2.075546  -1.080310  -0.485630
    6  LABEL       -1.836424   1.940965   0.996511
    7  LABEL        0.170509  -1.851880  -1.782948
    8  LABEL       -0.049316   0.159488   1.670968

       QM PARTICLE ORBITALS AND EIGENVALUES:         

                        1          2          3          4          5

                      0.0182     0.0890     0.2733     0.7274     1.7790

    1  LABEL        1.891171   2.069761   1.412665  -0.848654  -0.516478
    2  LABEL       -1.431377  -4.172747  -4.377122   2.998038   1.866373
    3  LABEL        0.555032   2.271516   5.548534  -5.565381  -3.927468
    4  LABEL       -0.245018  -0.689972  -2.593523   5.713445   5.873379
    5  LABEL        0.072454   0.226924   0.665416  -2.136835  -5.197469
    6  LABEL       -0.016499  -0.035243  -0.148865   0.263714   1.411234

                        6

                      5.4335

    1  LABEL       -0.294712
    2  LABEL        1.048873
    3  LABEL       -2.212640
    4  LABEL        3.625719
    5  LABEL       -4.484673
    6  LABEL        2.974067

          +--------------------------------------+
          |    TIMING SUMMARY FOR CALCULATION    |
          +--------------------------------------+
            TIME TO EVALUATE INTEGRALS:       0.0449
                          TIME FOR SCF:       0.0357

