 
 
           __   _______ _    _ ______ __ 
           \ \ / / ____| |  | |  ____/_ | 
            \ V / |    | |__| | |__   | | 
             > <| |    |  __  |  __|  | | 
            / . \ |____| |  | | |     | | 
           /_/ \_\_____|_|  |_|_|     |_| 
 
 
 
   _____  ______ _   _  _____ _____ _________     __
  |  __ \|  ____| \ | |/ ____|_   _|__   __\ \   / /
  | |  | | |__  |  \| | (___   | |    | |   \ \_/ / 
  | |  | |  __| | . ` |\___ \  | |    | |    \   /  
  | |__| | |____| |\  |____) |_| |_   | |     | |   
  |_____/|______|_| \_|_____/|_____|  |_|     |_|   
 
 
 PMIN=   0.000000000000000E+000  0.000000000000000E+000  0.000000000000000E+000
 PMAX=   0.000000000000000E+000  0.000000000000000E+000   20.0000000000000     
  CHECK CONTRACTED ELECTRONIC BASIS FUNCTIONS 
 CONT INDEX    KPESTR     KPEEND

   1     1    1

   2     2    2

   3     3    3

   4     4    4

   5     5    5

   6     6    6

   7     7    7

   8     8    8
 
 ELECTRONIC BASIS FUNCTIONS:
 
 PRIM  CONT    ANG       EXPONENT CONTRACT  -X- -Y- -Z-
 INDEX INDEX   MOM                  COEF

   1     1    0  0  0    0.026631  1.000000  0.000000  0.000000  0.000000

   2     2    0  0  0    0.099651  1.000000  0.000000  0.000000  0.000000

   3     3    0  0  0    0.372887  1.000000  0.000000  0.000000  0.000000

   4     4    0  0  0    1.395309  1.000000  0.000000  0.000000  0.000000

   5     5    0  0  0    5.221120  1.000000  0.000000  0.000000  0.000000

   6     6    0  0  0   19.536960  1.000000  0.000000  0.000000  0.000000

   7     7    0  0  0   73.105547  1.000000  0.000000  0.000000  0.000000

   8     8    0  0  0  273.554377  1.000000  0.000000  0.000000  0.000000
 ELECTRONIC BASIS FUNCTIONS:
 CONTRACT COEFF HAVE BEEN NORMALIZED
 
 PRIM  CONT    ANG       EXPONENT CONTRACT  -X- -Y- -Z-
 INDEX INDEX   MOM                  COEF

   1     1    0  0  0    0.026631  0.046984  0.000000  0.000000  0.000000

   2     2    0  0  0    0.099651  0.126407  0.000000  0.000000  0.000000

   3     3    0  0  0    0.372887  0.340089  0.000000  0.000000  0.000000

   4     4    0  0  0    1.395309  0.914983  0.000000  0.000000  0.000000

   5     5    0  0  0    5.221120  2.461687  0.000000  0.000000  0.000000

   6     6    0  0  0   19.536960  6.622971  0.000000  0.000000  0.000000

   7     7    0  0  0   73.105547 17.818570  0.000000  0.000000  0.000000

   8     8    0  0  0  273.554377 47.939427  0.000000  0.000000  0.000000
 
 NUCLEAR BASIS FUNCTIONS:
 
 PRIM  CONT    ANG       EXPONENT CONTRACT  -X- -Y- -Z-
 INDEX INDEX   MOM                  COEF

   1     1    0  0  0    0.012247  1.000000  0.000000  0.000000  0.000000

   2     2    0  0  0    0.028902  1.000000  0.000000  0.000000  0.000000

   3     3    0  0  0    0.068202  1.000000  0.000000  0.000000  0.000000

   4     4    0  0  0    0.160944  1.000000  0.000000  0.000000  0.000000

   5     5    0  0  0    0.379798  1.000000  0.000000  0.000000  0.000000

   6     6    0  0  0    0.896251  1.000000  0.000000  0.000000  0.000000
 
 NUCLEAR BASIS FUNCTIONS:
 CONTRACT COEFF HAVE BEEN NORMALIZED
 
 PRIM  CONT    ANG       EXPONENT CONTRACT  -X- -Y- -Z-
 INDEX INDEX   MOM                  COEF

   1     1    0  0  0    0.012247  0.026239  0.000000  0.000000  0.000000

   2     2    0  0  0    0.028902  0.049958  0.000000  0.000000  0.000000

   3     3    0  0  0    0.068202  0.095117  0.000000  0.000000  0.000000

   4     4    0  0  0    0.160944  0.181099  0.000000  0.000000  0.000000

   5     5    0  0  0    0.379798  0.344806  0.000000  0.000000  0.000000

   6     6    0  0  0    0.896251  0.656496  0.000000  0.000000  0.000000
 
 CONTRACTED ELECTRONIC OVERLAP MATRIX
 

             1           2           3           4           5

    1    1.0000000
    2    0.7369449   1.0000000
    3    0.3523433   0.7369449   1.0000000
    4    0.1411785   0.3523433   0.7369449   1.0000000
    5    0.0535736   0.1411785   0.3523433   0.7369449   1.0000000
    6    0.0200243   0.0535736   0.1411785   0.3523433   0.7369449
    7    0.0074540   0.0200243   0.0535736   0.1411785   0.3523433
    8    0.0027717   0.0074540   0.0200243   0.0535736   0.1411785

             6           7           8

    6    1.0000000
    7    0.7369449   1.0000000
    8    0.3523433   0.7369449   1.0000000
 
 NUCLEAR OVERLAP MATRIX
 

             1           2           3           4           5

    1    1.0000000
    2    0.8744414   1.0000000
    3    0.6090334   0.8744414   1.0000000
    4    0.3671085   0.6090334   0.8744414   1.0000000
    5    0.2052288   0.3671085   0.6090334   0.8744414   1.0000000
    6    0.1107680   0.2052288   0.3671085   0.6090334   0.8744414

             6

    6    1.0000000
 
 ALPHA ELECTRONIC DENSITY MATRIX
 

             1           2           3           4           5

    1    0.3705042
    2    0.3473187   0.3262406
    3   -0.1076317  -0.1056994   0.0664082
    4   -0.0743404  -0.0843049   0.1285341   0.3403402
    5   -0.0310351  -0.0371189   0.0677357   0.1849181   0.1007193
    6   -0.0079899  -0.0097226   0.0186557   0.0513111   0.0279640
    7   -0.0015814  -0.0019281   0.0037199   0.0102394   0.0055807
    8   -0.0004342  -0.0005314   0.0010361   0.0028564   0.0015570

             6           7           8

    6    0.0077651
    7    0.0015497   0.0003093
    8    0.0004324   0.0000863   0.0000241
 
 BETA ELECTRONIC DENSITY MATRIX
 

             1           2           3           4           5

    1    0.0000378
    2   -0.0001271   0.0004276
    3    0.0011715  -0.0039426   0.0363496
    4    0.0034932  -0.0117561   0.1083889   0.3231991
    5    0.0019047  -0.0064103   0.0591014   0.1762314   0.0960941
    6    0.0005321  -0.0017906   0.0165092   0.0492278   0.0268425
    7    0.0001061  -0.0003571   0.0032923   0.0098173   0.0053531
    8    0.0000297  -0.0000998   0.0009204   0.0027445   0.0014965

             6           7           8

    6    0.0074981
    7    0.0014953   0.0002982
    8    0.0004180   0.0000834   0.0000233
 
 
 TOTAL ELECTRONIC DENSITY MATRIX
 

             1           2           3           4           5

    1    0.3705419
    2    0.3471916   0.3266682
    3   -0.1064602  -0.1096420   0.1027578
    4   -0.0708472  -0.0960610   0.2369230   0.6635393
    5   -0.0291304  -0.0435292   0.1268371   0.3611496   0.1968134
    6   -0.0074579  -0.0115132   0.0351648   0.1005389   0.0548065
    7   -0.0014753  -0.0022852   0.0070123   0.0200566   0.0109338
    8   -0.0004046  -0.0006313   0.0019565   0.0056008   0.0030534

             6           7           8

    6    0.0152632
    7    0.0030450   0.0006075
    8    0.0008504   0.0001696   0.0000474
 
 
 QM PARTICLE DENSITY MATRIX
 

             1           2           3           4           5

    1    3.5765257
    2   -2.7069782   2.0488406
    3    1.0496604  -0.7944604   0.3080607
    4   -0.4633716   0.3507138  -0.1359931   0.0600340
    5    0.1370230  -0.1037091   0.0402143  -0.0177526   0.0052496
    6   -0.0312023   0.0236162  -0.0091574   0.0040425  -0.0011954

             6

    6    0.0002722
 
 Calculating 2-Particle INTEGRALS
 Threads in use          12
 TIME TO CALCULATE 2-Particle Overlap INTEGRALS:   3.203511238098145E-002
 Calculating 3-Particle INTEGRALS
 Serial Loop Compression Took:   4.867076873779297E-003
 Threads in use          12
 TIME TO CALCULATE 3-Particle Overlap INTEGRALS:   7.612013816833496E-002

      -----------------------------------------------
               NEOXCUHF <PSI|PSI> COMPONENTS         
      -----------------------------------------------
               S_GAM0=         1.0000000000
               S_GAM1=         8.9999997976
               S_GAM2=         5.9999998350
              S_TOTAL=        15.9999996326

      -----------------------------------------------
           NEOXCUHF <PSI|d(xp-x)|PSI> COMPONENTS     
      -----------------------------------------------
               RHODP0=         0.0000070486
               RHODP1=         0.0000634370
               RHODP2=         0.0000422914
                RHODP=         0.0001127770

      -----------------------------------------------
           NEOXCUHF <PSI|d(xe-x)|PSI> COMPONENTS     
      -----------------------------------------------
               RHODE0=         0.0000266902
               RHODE1=         0.0000800707
               RHODE2=         0.0002669023
               RHODE3=         0.0000533805
                RHODE=         0.0004270436

      ------------------------------------------------
        NEOXCHF  <PSI|d(xe-x)d(xp-x)|PSI> COMPONENTS  
      ------------------------------------------------
             RHODEDP0=         0.0000000030
             RHODEDP1=         0.0000000090
             RHODEDP2=         0.0000000301
             RHODEDP3=         0.0000000060
              RHODEDP=         0.0000000482

      ------------------------------------------------
           NEOXCHF1 <PSI|d(xe-xp)|PSI> COMPONENTS     
      ------------------------------------------------
              RHODEP0=         0.0000059675
              RHODEP1=         0.0000179026
              RHODEP2=         0.0000596754
              RHODEP3=         0.0000119351
               RHODEP=         0.0000954807
               POSANL=         0.0048045868

